Archive member included to satisfy reference by file (symbol)

C:\Program Files (x86)\GNU Tools ARM Embedded\7 2017-q4-major\arm-none-eabi\lib\thumb\v6-m\libnosys.a(errno.o)
                              newlib_stubs.o (errno)
C:\Program Files (x86)\GNU Tools ARM Embedded\7 2017-q4-major\lib\gcc\arm-none-eabi\7.2.1\thumb\v6-m\libgcc.a(_divsi3.o)
                              main.o (__aeabi_idiv)
C:\Program Files (x86)\GNU Tools ARM Embedded\7 2017-q4-major\lib\gcc\arm-none-eabi\7.2.1\thumb\v6-m\libgcc.a(_dvmd_tls.o)
                              C:\Program Files (x86)\GNU Tools ARM Embedded\7 2017-q4-major\lib\gcc\arm-none-eabi\7.2.1\thumb\v6-m\libgcc.a(_divsi3.o) (__aeabi_idiv0)
C:\Program Files (x86)\GNU Tools ARM Embedded\7 2017-q4-major\lib\gcc\arm-none-eabi\7.2.1\thumb\v6-m\libgcc.a(_arm_cmpsf2.o)
                              main.o (__aeabi_fcmpgt)
C:\Program Files (x86)\GNU Tools ARM Embedded\7 2017-q4-major\lib\gcc\arm-none-eabi\7.2.1\thumb\v6-m\libgcc.a(eqsf2.o)
                              C:\Program Files (x86)\GNU Tools ARM Embedded\7 2017-q4-major\lib\gcc\arm-none-eabi\7.2.1\thumb\v6-m\libgcc.a(_arm_cmpsf2.o) (__eqsf2)
C:\Program Files (x86)\GNU Tools ARM Embedded\7 2017-q4-major\lib\gcc\arm-none-eabi\7.2.1\thumb\v6-m\libgcc.a(gesf2.o)
                              C:\Program Files (x86)\GNU Tools ARM Embedded\7 2017-q4-major\lib\gcc\arm-none-eabi\7.2.1\thumb\v6-m\libgcc.a(_arm_cmpsf2.o) (__gesf2)
C:\Program Files (x86)\GNU Tools ARM Embedded\7 2017-q4-major\lib\gcc\arm-none-eabi\7.2.1\thumb\v6-m\libgcc.a(lesf2.o)
                              C:\Program Files (x86)\GNU Tools ARM Embedded\7 2017-q4-major\lib\gcc\arm-none-eabi\7.2.1\thumb\v6-m\libgcc.a(_arm_cmpsf2.o) (__lesf2)
C:\Program Files (x86)\GNU Tools ARM Embedded\7 2017-q4-major\lib\gcc\arm-none-eabi\7.2.1\thumb\v6-m\libgcc.a(subsf3.o)
                              main.o (__aeabi_fsub)
C:\Program Files (x86)\GNU Tools ARM Embedded\7 2017-q4-major\lib\gcc\arm-none-eabi\7.2.1\thumb\v6-m\libgcc.a(fixsfsi.o)
                              main.o (__aeabi_f2iz)
C:\Program Files (x86)\GNU Tools ARM Embedded\7 2017-q4-major\lib\gcc\arm-none-eabi\7.2.1\thumb\v6-m\libgcc.a(_clzsi2.o)
                              C:\Program Files (x86)\GNU Tools ARM Embedded\7 2017-q4-major\lib\gcc\arm-none-eabi\7.2.1\thumb\v6-m\libgcc.a(subsf3.o) (__clzsi2)

Allocating common symbols
Common symbol       size              file

ISR_frc             0x4               main.o
errno               0x4               C:\Program Files (x86)\GNU Tools ARM Embedded\7 2017-q4-major\arm-none-eabi\lib\thumb\v6-m\libnosys.a(errno.o)
ComError            0x4               serial.o
ComRXBuffer         0x4c              serial.o
ComTXBuffer         0x4c              serial.o
ComOpen             0x4               serial.o
ComBusy             0x4               serial.o
bottomServo         0x4               main.o
topServo            0x4               main.o

Memory Configuration

Name             Origin             Length             Attributes
flash            0x08000000         0x00010000
ram              0x20000000         0x00002000
*default*        0x00000000         0xffffffff

Linker script and memory map

LOAD startup.o
LOAD main.o
LOAD serial.o
LOAD newlib_stubs.o
LOAD C:\Program Files (x86)\GNU Tools ARM Embedded\7 2017-q4-major\arm-none-eabi\lib\thumb\v6-m\libnosys.a
LOAD C:\Program Files (x86)\GNU Tools ARM Embedded\7 2017-q4-major\lib\gcc\arm-none-eabi\7.2.1\thumb\v6-m\libgcc.a
START GROUP
LOAD C:\Program Files (x86)\GNU Tools ARM Embedded\7 2017-q4-major\lib\gcc\arm-none-eabi\7.2.1\thumb\v6-m\libgcc.a
LOAD C:\Program Files (x86)\GNU Tools ARM Embedded\7 2017-q4-major\arm-none-eabi\lib\thumb\v6-m\libc_nano.a
LOAD C:\Program Files (x86)\GNU Tools ARM Embedded\7 2017-q4-major\arm-none-eabi\lib\thumb\v6-m\libm.a
END GROUP

.text           0x08000000     0x1540
 *(.vectors)
 .vectors       0x08000000       0xc0 startup.o
                0x08000000                Vectors
 *(.after_vectors*)
 .after_vectors
                0x080000c0       0x1a startup.o
                0x080000c0                ResetInit
 *(.text*)
 *fill*         0x080000da        0x2 
 .text          0x080000dc      0x148 startup.o
                0x08000150                initClock
                0x080001fc                Default_Handler
                0x08000210                Hard_Fault_Handler
 .text          0x08000224      0x354 main.o
                0x08000224                Timer3ISR
                0x08000308                SysInit
                0x080003c4                delay_ms
                0x080003f8                magnet
                0x08000430                servoPulseTop
                0x0800044c                servoPulseBottom
                0x08000468                main
 .text          0x08000578      0x4f8 serial.o
                0x08000578                ReadCom
                0x080005ec                WriteCom
                0x08000690                initUART
                0x080007d8                isr_usart1
                0x08000804                usart_rx
                0x08000834                usart_tx
                0x080008ac                PutBuf
                0x0800090a                GetBuf
                0x0800095c                GetBufCount
                0x08000970                eputs
                0x080009ac                eputc
                0x080009ca                egetc
                0x080009e4                egets
 .text          0x08000a70      0x2a8 newlib_stubs.o
                0x08000a70                _exit
                0x08000a7a                _close
                0x08000a8e                _execve
                0x08000ab0                _fork
                0x08000ac8                _fstat
                0x08000ae4                _getpid
                0x08000af0                _kill
                0x08000b10                _link
                0x08000b30                _lseek
                0x08000b46                _stat
                0x08000b62                _times
                0x08000b76                _unlink
                0x08000b94                _wait
                0x08000bb4                _isatty
                0x08000bdc                _sbrk
                0x08000c4c                _read
                0x08000cc4                _write
 .text          0x08000d18        0x0 C:\Program Files (x86)\GNU Tools ARM Embedded\7 2017-q4-major\arm-none-eabi\lib\thumb\v6-m\libnosys.a(errno.o)
 .text          0x08000d18      0x1d4 C:\Program Files (x86)\GNU Tools ARM Embedded\7 2017-q4-major\lib\gcc\arm-none-eabi\7.2.1\thumb\v6-m\libgcc.a(_divsi3.o)
                0x08000d18                __divsi3
                0x08000d18                __aeabi_idiv
                0x08000ee4                __aeabi_idivmod
 .text          0x08000eec        0x4 C:\Program Files (x86)\GNU Tools ARM Embedded\7 2017-q4-major\lib\gcc\arm-none-eabi\7.2.1\thumb\v6-m\libgcc.a(_dvmd_tls.o)
                0x08000eec                __aeabi_idiv0
                0x08000eec                __aeabi_ldiv0
 .text          0x08000ef0       0x74 C:\Program Files (x86)\GNU Tools ARM Embedded\7 2017-q4-major\lib\gcc\arm-none-eabi\7.2.1\thumb\v6-m\libgcc.a(_arm_cmpsf2.o)
                0x08000ef0                __aeabi_cfrcmple
                0x08000ef8                __aeabi_cfcmpeq
                0x08000ef8                __aeabi_cfcmple
                0x08000f08                __aeabi_fcmpeq
                0x08000f14                __aeabi_fcmplt
                0x08000f28                __aeabi_fcmple
                0x08000f3c                __aeabi_fcmpgt
                0x08000f50                __aeabi_fcmpge
 .text          0x08000f64       0x50 C:\Program Files (x86)\GNU Tools ARM Embedded\7 2017-q4-major\lib\gcc\arm-none-eabi\7.2.1\thumb\v6-m\libgcc.a(eqsf2.o)
                0x08000f64                __eqsf2
                0x08000f64                __nesf2
 .text          0x08000fb4       0x9c C:\Program Files (x86)\GNU Tools ARM Embedded\7 2017-q4-major\lib\gcc\arm-none-eabi\7.2.1\thumb\v6-m\libgcc.a(gesf2.o)
                0x08000fb4                __gesf2
                0x08000fb4                __gtsf2
 .text          0x08001050       0xa0 C:\Program Files (x86)\GNU Tools ARM Embedded\7 2017-q4-major\lib\gcc\arm-none-eabi\7.2.1\thumb\v6-m\libgcc.a(lesf2.o)
                0x08001050                __ltsf2
                0x08001050                __lesf2
 .text          0x080010f0      0x388 C:\Program Files (x86)\GNU Tools ARM Embedded\7 2017-q4-major\lib\gcc\arm-none-eabi\7.2.1\thumb\v6-m\libgcc.a(subsf3.o)
                0x080010f0                __aeabi_fsub
 .text          0x08001478       0x40 C:\Program Files (x86)\GNU Tools ARM Embedded\7 2017-q4-major\lib\gcc\arm-none-eabi\7.2.1\thumb\v6-m\libgcc.a(fixsfsi.o)
                0x08001478                __aeabi_f2iz
 .text          0x080014b8       0x3c C:\Program Files (x86)\GNU Tools ARM Embedded\7 2017-q4-major\lib\gcc\arm-none-eabi\7.2.1\thumb\v6-m\libgcc.a(_clzsi2.o)
                0x080014b8                __clzsi2
 *(.rodata*)
 .rodata        0x080014f4       0x4c startup.o
                0x08001540                . = ALIGN (0x4)
                0x08001540                PROVIDE (__init_array_start, .)
 *(SORT_BY_NAME(.init_array.*))
 *(.init_array)
                0x08001540                PROVIDE (__init_array_end, .)
                0x08001540                . = ALIGN (0x4)
                0x08001540                _etext = .

.glue_7         0x08001540        0x0
 .glue_7        0x08001540        0x0 linker stubs

.glue_7t        0x08001540        0x0
 .glue_7t       0x08001540        0x0 linker stubs

.vfp11_veneer   0x08001540        0x0
 .vfp11_veneer  0x08001540        0x0 linker stubs

.v4_bx          0x08001540        0x0
 .v4_bx         0x08001540        0x0 linker stubs

.iplt           0x08001540        0x0
 .iplt          0x08001540        0x0 startup.o

.rel.dyn        0x08001540        0x0
 .rel.iplt      0x08001540        0x0 startup.o

.data           0x20000000        0x4 load address 0x08001540
                0x20000000                . = ALIGN (0x4)
                0x20000000                _data = .
 *(.data*)
 .data          0x20000000        0x0 startup.o
 .data          0x20000000        0x0 main.o
 .data          0x20000000        0x0 serial.o
 .data          0x20000000        0x4 newlib_stubs.o
                0x20000000                environ
 .data          0x20000004        0x0 C:\Program Files (x86)\GNU Tools ARM Embedded\7 2017-q4-major\arm-none-eabi\lib\thumb\v6-m\libnosys.a(errno.o)
 .data          0x20000004        0x0 C:\Program Files (x86)\GNU Tools ARM Embedded\7 2017-q4-major\lib\gcc\arm-none-eabi\7.2.1\thumb\v6-m\libgcc.a(_divsi3.o)
 .data          0x20000004        0x0 C:\Program Files (x86)\GNU Tools ARM Embedded\7 2017-q4-major\lib\gcc\arm-none-eabi\7.2.1\thumb\v6-m\libgcc.a(_dvmd_tls.o)
 .data          0x20000004        0x0 C:\Program Files (x86)\GNU Tools ARM Embedded\7 2017-q4-major\lib\gcc\arm-none-eabi\7.2.1\thumb\v6-m\libgcc.a(_arm_cmpsf2.o)
 .data          0x20000004        0x0 C:\Program Files (x86)\GNU Tools ARM Embedded\7 2017-q4-major\lib\gcc\arm-none-eabi\7.2.1\thumb\v6-m\libgcc.a(eqsf2.o)
 .data          0x20000004        0x0 C:\Program Files (x86)\GNU Tools ARM Embedded\7 2017-q4-major\lib\gcc\arm-none-eabi\7.2.1\thumb\v6-m\libgcc.a(gesf2.o)
 .data          0x20000004        0x0 C:\Program Files (x86)\GNU Tools ARM Embedded\7 2017-q4-major\lib\gcc\arm-none-eabi\7.2.1\thumb\v6-m\libgcc.a(lesf2.o)
 .data          0x20000004        0x0 C:\Program Files (x86)\GNU Tools ARM Embedded\7 2017-q4-major\lib\gcc\arm-none-eabi\7.2.1\thumb\v6-m\libgcc.a(subsf3.o)
 .data          0x20000004        0x0 C:\Program Files (x86)\GNU Tools ARM Embedded\7 2017-q4-major\lib\gcc\arm-none-eabi\7.2.1\thumb\v6-m\libgcc.a(fixsfsi.o)
 .data          0x20000004        0x0 C:\Program Files (x86)\GNU Tools ARM Embedded\7 2017-q4-major\lib\gcc\arm-none-eabi\7.2.1\thumb\v6-m\libgcc.a(_clzsi2.o)
                0x20000004                . = ALIGN (0x4)
                0x20000004                _edata = .

.igot.plt       0x20000004        0x0 load address 0x08001544
 .igot.plt      0x20000004        0x0 startup.o

.bss            0x20000004       0xcc load address 0x08001544
                0x20000004                _bss = .
 *(.bss*)
 .bss           0x20000004        0x0 startup.o
 .bss           0x20000004       0x10 main.o
                0x20000004                ISR_pw_top
                0x20000008                ISR_pw_bottom
                0x2000000c                ISR_cnt_top
                0x20000010                ISR_cnt_bottom
 .bss           0x20000014        0x0 serial.o
 .bss           0x20000014        0x8 newlib_stubs.o
                0x20000014                __env
 .bss           0x2000001c        0x0 C:\Program Files (x86)\GNU Tools ARM Embedded\7 2017-q4-major\arm-none-eabi\lib\thumb\v6-m\libnosys.a(errno.o)
 .bss           0x2000001c        0x0 C:\Program Files (x86)\GNU Tools ARM Embedded\7 2017-q4-major\lib\gcc\arm-none-eabi\7.2.1\thumb\v6-m\libgcc.a(_divsi3.o)
 .bss           0x2000001c        0x0 C:\Program Files (x86)\GNU Tools ARM Embedded\7 2017-q4-major\lib\gcc\arm-none-eabi\7.2.1\thumb\v6-m\libgcc.a(_dvmd_tls.o)
 .bss           0x2000001c        0x0 C:\Program Files (x86)\GNU Tools ARM Embedded\7 2017-q4-major\lib\gcc\arm-none-eabi\7.2.1\thumb\v6-m\libgcc.a(_arm_cmpsf2.o)
 .bss           0x2000001c        0x0 C:\Program Files (x86)\GNU Tools ARM Embedded\7 2017-q4-major\lib\gcc\arm-none-eabi\7.2.1\thumb\v6-m\libgcc.a(eqsf2.o)
 .bss           0x2000001c        0x0 C:\Program Files (x86)\GNU Tools ARM Embedded\7 2017-q4-major\lib\gcc\arm-none-eabi\7.2.1\thumb\v6-m\libgcc.a(gesf2.o)
 .bss           0x2000001c        0x0 C:\Program Files (x86)\GNU Tools ARM Embedded\7 2017-q4-major\lib\gcc\arm-none-eabi\7.2.1\thumb\v6-m\libgcc.a(lesf2.o)
 .bss           0x2000001c        0x0 C:\Program Files (x86)\GNU Tools ARM Embedded\7 2017-q4-major\lib\gcc\arm-none-eabi\7.2.1\thumb\v6-m\libgcc.a(subsf3.o)
 .bss           0x2000001c        0x0 C:\Program Files (x86)\GNU Tools ARM Embedded\7 2017-q4-major\lib\gcc\arm-none-eabi\7.2.1\thumb\v6-m\libgcc.a(fixsfsi.o)
 .bss           0x2000001c        0x0 C:\Program Files (x86)\GNU Tools ARM Embedded\7 2017-q4-major\lib\gcc\arm-none-eabi\7.2.1\thumb\v6-m\libgcc.a(_clzsi2.o)
 *(COMMON)
 COMMON         0x2000001c        0xc main.o
                0x2000001c                ISR_frc
                0x20000020                bottomServo
                0x20000024                topServo
 COMMON         0x20000028       0xa4 serial.o
                0x20000028                ComError
                0x2000002c                ComRXBuffer
                0x20000078                ComTXBuffer
                0x200000c4                ComOpen
                0x200000c8                ComBusy
 COMMON         0x200000cc        0x4 C:\Program Files (x86)\GNU Tools ARM Embedded\7 2017-q4-major\arm-none-eabi\lib\thumb\v6-m\libnosys.a(errno.o)
                0x200000cc                errno
                0x200000d0                . = ALIGN (0x4)
                0x200000d0                _ebss = .
                [!provide]                PROVIDE (end, .)
                0x200000d0                PROVIDE (_HeapStart, .)
                0x20002000                PROVIDE (_StackTop, (ORIGIN (ram) + LENGTH (ram)))
OUTPUT(main.elf elf32-littlearm)

.debug_info     0x00000000     0x1dd1
 .debug_info    0x00000000      0x129 startup.o
 .debug_info    0x00000129      0xa36 main.o
 .debug_info    0x00000b5f      0x325 serial.o
 .debug_info    0x00000e84      0xf4d newlib_stubs.o

.debug_abbrev   0x00000000      0x6e3
 .debug_abbrev  0x00000000       0xc5 startup.o
 .debug_abbrev  0x000000c5      0x258 main.o
 .debug_abbrev  0x0000031d      0x15b serial.o
 .debug_abbrev  0x00000478      0x26b newlib_stubs.o

.debug_aranges  0x00000000       0x88
 .debug_aranges
                0x00000000       0x28 startup.o
 .debug_aranges
                0x00000028       0x20 main.o
 .debug_aranges
                0x00000048       0x20 serial.o
 .debug_aranges
                0x00000068       0x20 newlib_stubs.o

.debug_ranges   0x00000000       0x18
 .debug_ranges  0x00000000       0x18 startup.o

.debug_line     0x00000000      0x650
 .debug_line    0x00000000       0x90 startup.o
 .debug_line    0x00000090      0x1f7 main.o
 .debug_line    0x00000287      0x12a serial.o
 .debug_line    0x000003b1      0x29f newlib_stubs.o

.debug_str      0x00000000      0x942
 .debug_str     0x00000000      0x151 startup.o
                                0x15e (size before relaxing)
 .debug_str     0x00000151      0x4bf main.o
                                0x5e4 (size before relaxing)
 .debug_str     0x00000610       0xd8 serial.o
                                0x1c0 (size before relaxing)
 .debug_str     0x000006e8      0x25a newlib_stubs.o
                                0x7eb (size before relaxing)

.comment        0x00000000       0x7e
 .comment       0x00000000       0x7e startup.o
                                 0x7f (size before relaxing)
 .comment       0x0000007e       0x7f main.o
 .comment       0x0000007e       0x7f serial.o
 .comment       0x0000007e       0x7f newlib_stubs.o

.ARM.attributes
                0x00000000       0x31
 .ARM.attributes
                0x00000000       0x31 startup.o
 .ARM.attributes
                0x00000031       0x31 main.o
 .ARM.attributes
                0x00000062       0x31 serial.o
 .ARM.attributes
                0x00000093       0x31 newlib_stubs.o
 .ARM.attributes
                0x000000c4       0x2c C:\Program Files (x86)\GNU Tools ARM Embedded\7 2017-q4-major\arm-none-eabi\lib\thumb\v6-m\libnosys.a(errno.o)
 .ARM.attributes
                0x000000f0       0x1e C:\Program Files (x86)\GNU Tools ARM Embedded\7 2017-q4-major\lib\gcc\arm-none-eabi\7.2.1\thumb\v6-m\libgcc.a(_divsi3.o)
 .ARM.attributes
                0x0000010e       0x1e C:\Program Files (x86)\GNU Tools ARM Embedded\7 2017-q4-major\lib\gcc\arm-none-eabi\7.2.1\thumb\v6-m\libgcc.a(_dvmd_tls.o)
 .ARM.attributes
                0x0000012c       0x1e C:\Program Files (x86)\GNU Tools ARM Embedded\7 2017-q4-major\lib\gcc\arm-none-eabi\7.2.1\thumb\v6-m\libgcc.a(_arm_cmpsf2.o)
 .ARM.attributes
                0x0000014a       0x2c C:\Program Files (x86)\GNU Tools ARM Embedded\7 2017-q4-major\lib\gcc\arm-none-eabi\7.2.1\thumb\v6-m\libgcc.a(eqsf2.o)
 .ARM.attributes
                0x00000176       0x2c C:\Program Files (x86)\GNU Tools ARM Embedded\7 2017-q4-major\lib\gcc\arm-none-eabi\7.2.1\thumb\v6-m\libgcc.a(gesf2.o)
 .ARM.attributes
                0x000001a2       0x2c C:\Program Files (x86)\GNU Tools ARM Embedded\7 2017-q4-major\lib\gcc\arm-none-eabi\7.2.1\thumb\v6-m\libgcc.a(lesf2.o)
 .ARM.attributes
                0x000001ce       0x2c C:\Program Files (x86)\GNU Tools ARM Embedded\7 2017-q4-major\lib\gcc\arm-none-eabi\7.2.1\thumb\v6-m\libgcc.a(subsf3.o)
 .ARM.attributes
                0x000001fa       0x2c C:\Program Files (x86)\GNU Tools ARM Embedded\7 2017-q4-major\lib\gcc\arm-none-eabi\7.2.1\thumb\v6-m\libgcc.a(fixsfsi.o)
 .ARM.attributes
                0x00000226       0x1e C:\Program Files (x86)\GNU Tools ARM Embedded\7 2017-q4-major\lib\gcc\arm-none-eabi\7.2.1\thumb\v6-m\libgcc.a(_clzsi2.o)

.debug_frame    0x00000000      0x644
 .debug_frame   0x00000000       0x94 startup.o
 .debug_frame   0x00000094       0xe8 main.o
 .debug_frame   0x0000017c      0x1a4 serial.o
 .debug_frame   0x00000320      0x228 newlib_stubs.o
 .debug_frame   0x00000548       0x20 C:\Program Files (x86)\GNU Tools ARM Embedded\7 2017-q4-major\lib\gcc\arm-none-eabi\7.2.1\thumb\v6-m\libgcc.a(_divsi3.o)
 .debug_frame   0x00000568       0x2c C:\Program Files (x86)\GNU Tools ARM Embedded\7 2017-q4-major\lib\gcc\arm-none-eabi\7.2.1\thumb\v6-m\libgcc.a(eqsf2.o)
 .debug_frame   0x00000594       0x2c C:\Program Files (x86)\GNU Tools ARM Embedded\7 2017-q4-major\lib\gcc\arm-none-eabi\7.2.1\thumb\v6-m\libgcc.a(gesf2.o)
 .debug_frame   0x000005c0       0x2c C:\Program Files (x86)\GNU Tools ARM Embedded\7 2017-q4-major\lib\gcc\arm-none-eabi\7.2.1\thumb\v6-m\libgcc.a(lesf2.o)
 .debug_frame   0x000005ec       0x38 C:\Program Files (x86)\GNU Tools ARM Embedded\7 2017-q4-major\lib\gcc\arm-none-eabi\7.2.1\thumb\v6-m\libgcc.a(subsf3.o)
 .debug_frame   0x00000624       0x20 C:\Program Files (x86)\GNU Tools ARM Embedded\7 2017-q4-major\lib\gcc\arm-none-eabi\7.2.1\thumb\v6-m\libgcc.a(fixsfsi.o)

Cross Reference Table

Symbol                                            File
ComBusy                                           serial.o
ComError                                          serial.o
ComOpen                                           serial.o
ComRXBuffer                                       serial.o
ComTXBuffer                                       serial.o
Default_Handler                                   startup.o
GetBuf                                            serial.o
GetBufCount                                       serial.o
Hard_Fault_Handler                                startup.o
ISR_cnt_bottom                                    main.o
ISR_cnt_top                                       main.o
ISR_frc                                           main.o
ISR_pw_bottom                                     main.o
ISR_pw_top                                        main.o
PutBuf                                            serial.o
ReadCom                                           serial.o
ResetInit                                         startup.o
SysInit                                           main.o
Timer3ISR                                         main.o
                                                  startup.o
Vectors                                           startup.o
WriteCom                                          serial.o
_HeapStart                                        newlib_stubs.o
_StackTop                                         newlib_stubs.o
                                                  startup.o
__aeabi_cfcmpeq                                   C:\Program Files (x86)\GNU Tools ARM Embedded\7 2017-q4-major\lib\gcc\arm-none-eabi\7.2.1\thumb\v6-m\libgcc.a(_arm_cmpsf2.o)
__aeabi_cfcmple                                   C:\Program Files (x86)\GNU Tools ARM Embedded\7 2017-q4-major\lib\gcc\arm-none-eabi\7.2.1\thumb\v6-m\libgcc.a(_arm_cmpsf2.o)
__aeabi_cfrcmple                                  C:\Program Files (x86)\GNU Tools ARM Embedded\7 2017-q4-major\lib\gcc\arm-none-eabi\7.2.1\thumb\v6-m\libgcc.a(_arm_cmpsf2.o)
__aeabi_f2iz                                      C:\Program Files (x86)\GNU Tools ARM Embedded\7 2017-q4-major\lib\gcc\arm-none-eabi\7.2.1\thumb\v6-m\libgcc.a(fixsfsi.o)
                                                  main.o
__aeabi_fcmpeq                                    C:\Program Files (x86)\GNU Tools ARM Embedded\7 2017-q4-major\lib\gcc\arm-none-eabi\7.2.1\thumb\v6-m\libgcc.a(_arm_cmpsf2.o)
__aeabi_fcmpge                                    C:\Program Files (x86)\GNU Tools ARM Embedded\7 2017-q4-major\lib\gcc\arm-none-eabi\7.2.1\thumb\v6-m\libgcc.a(_arm_cmpsf2.o)
__aeabi_fcmpgt                                    C:\Program Files (x86)\GNU Tools ARM Embedded\7 2017-q4-major\lib\gcc\arm-none-eabi\7.2.1\thumb\v6-m\libgcc.a(_arm_cmpsf2.o)
                                                  main.o
__aeabi_fcmple                                    C:\Program Files (x86)\GNU Tools ARM Embedded\7 2017-q4-major\lib\gcc\arm-none-eabi\7.2.1\thumb\v6-m\libgcc.a(_arm_cmpsf2.o)
__aeabi_fcmplt                                    C:\Program Files (x86)\GNU Tools ARM Embedded\7 2017-q4-major\lib\gcc\arm-none-eabi\7.2.1\thumb\v6-m\libgcc.a(_arm_cmpsf2.o)
__aeabi_fsub                                      C:\Program Files (x86)\GNU Tools ARM Embedded\7 2017-q4-major\lib\gcc\arm-none-eabi\7.2.1\thumb\v6-m\libgcc.a(subsf3.o)
                                                  main.o
__aeabi_idiv                                      C:\Program Files (x86)\GNU Tools ARM Embedded\7 2017-q4-major\lib\gcc\arm-none-eabi\7.2.1\thumb\v6-m\libgcc.a(_divsi3.o)
                                                  serial.o
                                                  main.o
__aeabi_idiv0                                     C:\Program Files (x86)\GNU Tools ARM Embedded\7 2017-q4-major\lib\gcc\arm-none-eabi\7.2.1\thumb\v6-m\libgcc.a(_dvmd_tls.o)
                                                  C:\Program Files (x86)\GNU Tools ARM Embedded\7 2017-q4-major\lib\gcc\arm-none-eabi\7.2.1\thumb\v6-m\libgcc.a(_divsi3.o)
__aeabi_idivmod                                   C:\Program Files (x86)\GNU Tools ARM Embedded\7 2017-q4-major\lib\gcc\arm-none-eabi\7.2.1\thumb\v6-m\libgcc.a(_divsi3.o)
__aeabi_ldiv0                                     C:\Program Files (x86)\GNU Tools ARM Embedded\7 2017-q4-major\lib\gcc\arm-none-eabi\7.2.1\thumb\v6-m\libgcc.a(_dvmd_tls.o)
__clzsi2                                          C:\Program Files (x86)\GNU Tools ARM Embedded\7 2017-q4-major\lib\gcc\arm-none-eabi\7.2.1\thumb\v6-m\libgcc.a(_clzsi2.o)
                                                  C:\Program Files (x86)\GNU Tools ARM Embedded\7 2017-q4-major\lib\gcc\arm-none-eabi\7.2.1\thumb\v6-m\libgcc.a(subsf3.o)
__divsi3                                          C:\Program Files (x86)\GNU Tools ARM Embedded\7 2017-q4-major\lib\gcc\arm-none-eabi\7.2.1\thumb\v6-m\libgcc.a(_divsi3.o)
__env                                             newlib_stubs.o
__eqsf2                                           C:\Program Files (x86)\GNU Tools ARM Embedded\7 2017-q4-major\lib\gcc\arm-none-eabi\7.2.1\thumb\v6-m\libgcc.a(eqsf2.o)
                                                  C:\Program Files (x86)\GNU Tools ARM Embedded\7 2017-q4-major\lib\gcc\arm-none-eabi\7.2.1\thumb\v6-m\libgcc.a(_arm_cmpsf2.o)
__gesf2                                           C:\Program Files (x86)\GNU Tools ARM Embedded\7 2017-q4-major\lib\gcc\arm-none-eabi\7.2.1\thumb\v6-m\libgcc.a(gesf2.o)
                                                  C:\Program Files (x86)\GNU Tools ARM Embedded\7 2017-q4-major\lib\gcc\arm-none-eabi\7.2.1\thumb\v6-m\libgcc.a(_arm_cmpsf2.o)
__gtsf2                                           C:\Program Files (x86)\GNU Tools ARM Embedded\7 2017-q4-major\lib\gcc\arm-none-eabi\7.2.1\thumb\v6-m\libgcc.a(gesf2.o)
__init_array_end                                  startup.o
__init_array_start                                startup.o
__lesf2                                           C:\Program Files (x86)\GNU Tools ARM Embedded\7 2017-q4-major\lib\gcc\arm-none-eabi\7.2.1\thumb\v6-m\libgcc.a(lesf2.o)
                                                  C:\Program Files (x86)\GNU Tools ARM Embedded\7 2017-q4-major\lib\gcc\arm-none-eabi\7.2.1\thumb\v6-m\libgcc.a(_arm_cmpsf2.o)
__ltsf2                                           C:\Program Files (x86)\GNU Tools ARM Embedded\7 2017-q4-major\lib\gcc\arm-none-eabi\7.2.1\thumb\v6-m\libgcc.a(lesf2.o)
__nesf2                                           C:\Program Files (x86)\GNU Tools ARM Embedded\7 2017-q4-major\lib\gcc\arm-none-eabi\7.2.1\thumb\v6-m\libgcc.a(eqsf2.o)
_close                                            newlib_stubs.o
_data                                             startup.o
_ebss                                             startup.o
_edata                                            startup.o
_etext                                            startup.o
_execve                                           newlib_stubs.o
_exit                                             newlib_stubs.o
_fork                                             newlib_stubs.o
_fstat                                            newlib_stubs.o
_getpid                                           newlib_stubs.o
_isatty                                           newlib_stubs.o
_kill                                             newlib_stubs.o
_link                                             newlib_stubs.o
_lseek                                            newlib_stubs.o
_read                                             newlib_stubs.o
_sbrk                                             newlib_stubs.o
_stat                                             newlib_stubs.o
_times                                            newlib_stubs.o
_unlink                                           newlib_stubs.o
_wait                                             newlib_stubs.o
_write                                            newlib_stubs.o
bottomServo                                       main.o
delay_ms                                          main.o
egetc                                             serial.o
                                                  newlib_stubs.o
egets                                             serial.o
environ                                           newlib_stubs.o
eputc                                             serial.o
                                                  newlib_stubs.o
eputs                                             serial.o
                                                  startup.o
errno                                             C:\Program Files (x86)\GNU Tools ARM Embedded\7 2017-q4-major\arm-none-eabi\lib\thumb\v6-m\libnosys.a(errno.o)
                                                  newlib_stubs.o
initClock                                         startup.o
initUART                                          serial.o
                                                  startup.o
isr_usart1                                        serial.o
                                                  startup.o
magnet                                            main.o
main                                              main.o
                                                  startup.o
servoPulseBottom                                  main.o
servoPulseTop                                     main.o
topServo                                          main.o
usart_rx                                          serial.o
usart_tx                                          serial.o
